// Jest Snapshot v1, https://goo.gl/fbAQLP

exports[`<List /> matches the Snapshot 1`] = `
<div
  data-testid="list-element-1"
>
  <h1>
    wash dishes
  </h1>
</div>
`;
